Archive member included to satisfy reference by file (symbol)

C:/usr/xtensa/XtDevTools/install/builds/RI-2021.8-win32/AB1568_i64B_d32B_512K/xtensa-elf/lib/xcc/\libgcc.a(_ashrdi3.o)
                              Build/source/enc_lc3.picsl.o (__ashrdi3)

Discarded input sections

 .note.GNU-stack
                0x00000000        0x0 C:/usr/xtensa/XtDevTools/install/builds/RI-2021.8-win32/AB1568_i64B_d32B_512K/xtensa-elf/lib/xcc/crtbegin.o
 .note.GNU-stack
                0x00000000        0x0 Build/source/main_lib.picsl.o
 .note.GNU-stack
                0x00000000        0x0 Build/source/lc3plus_memory.picsl.o
 .note.GNU-stack
                0x00000000        0x0 Build/source/lc3_scratch_allocator.picsl.o
 .note.GNU-stack
                0x00000000        0x0 Build/source/lc3plus_codec_api.picsl.o
 .note.GNU-stack
                0x00000000        0x0 Build/source/setup_com_lc3.picsl.o
 .note.GNU-stack
                0x00000000        0x0 Build/source/lc3.picsl.o
 .note.GNU-stack
                0x00000000        0x0 Build/source/basop_util.picsl.o
 .note.GNU-stack
                0x00000000        0x0 Build/source/rom_basop_util.picsl.o
 .note.GNU-stack
                0x00000000        0x0 Build/source/constants.picsl.o
 .note.GNU-stack
                0x00000000        0x0 Build/source/dct2_fx.picsl.o
 .note.GNU-stack
                0x00000000        0x0 Build/source/dct4_fx.picsl.o
 .note.GNU-stack
                0x00000000        0x0 Build/source/mdct_shaping_fx.picsl.o
 .note.GNU-stack
                0x00000000        0x0 Build/source/sns_interpolate_scf_fx.picsl.o
 .note.GNU-stack
                0x00000000        0x0 Build/source/ari_codec.picsl.o
 .note.GNU-stack
                0x00000000        0x0 Build/source/sns_quantize_scf_fx.picsl.o
 .note.GNU-stack
                0x00000000        0x0 Build/source/pvq_index_fx.picsl.o
 .note.GNU-stack
                0x00000000        0x0 Build/source/pvq_dec_fx.picsl.o
 .note.GNU-stack
                0x00000000        0x0 Build/source/fft.picsl.o
 .note.GNU-stack
                0x00000000        0x0 Build/source/fft_stage.picsl.o
 .note.GNU-stack
                0x00000000        0x0 Build/source/fft_stage_hifi5.picsl.o
 .note.GNU-stack
                0x00000000        0x0 Build/source/apply_global_gain_fx.picsl.o
 .note.GNU-stack
                0x00000000        0x0 Build/source/basop_mpy.picsl.o
 .note.GNU-stack
                0x00000000        0x0 Build/source/imdct_fx.picsl.o
 .note.GNU-stack
                0x00000000        0x0 Build/source/dec_entropy.picsl.o
 .note.GNU-stack
                0x00000000        0x0 Build/source/dec_lc3.picsl.o
 .note.GNU-stack
                0x00000000        0x0 Build/source/ltpf_decoder_fx.picsl.o
 .note.GNU-stack
                0x00000000        0x0 Build/source/noise_filling_fx.picsl.o
 .note.GNU-stack
                0x00000000        0x0 Build/source/residual_decoding_fx.picsl.o
 .note.GNU-stack
                0x00000000        0x0 Build/source/setup_dec_lc3.picsl.o
 .note.GNU-stack
                0x00000000        0x0 Build/source/tns_decoder_fx.picsl.o
 .note.GNU-stack
                0x00000000        0x0 Build/source/plc_apply_fx.picsl.o
 .note.GNU-stack
                0x00000000        0x0 Build/source/plc_classify_fx.picsl.o
 .note.GNU-stack
                0x00000000        0x0 Build/source/plc_main_fx.picsl.o
 .note.GNU-stack
                0x00000000        0x0 Build/source/plc_noise_substitution_fx.picsl.o
 .note.GNU-stack
                0x00000000        0x0 Build/source/plc_update_aft_imdct_fx.picsl.o
 .note.GNU-stack
                0x00000000        0x0 Build/source/plc_update_fx.picsl.o
 .note.GNU-stack
                0x00000000        0x0 Build/source/adjust_global_gain_fx.picsl.o
 .note.GNU-stack
                0x00000000        0x0 Build/source/estimate_global_gain_fx.picsl.o
 .note.GNU-stack
                0x00000000        0x0 Build/source/levinson_fx.picsl.o
 .note.GNU-stack
                0x00000000        0x0 Build/source/ltpf_coder_fx.picsl.o
 .note.GNU-stack
                0x00000000        0x0 Build/source/mdct_fx.picsl.o
 .note.GNU-stack
                0x00000000        0x0 Build/source/noise_factor_fx.picsl.o
 .note.GNU-stack
                0x00000000        0x0 Build/source/olpa_fx.picsl.o
 .note.GNU-stack
                0x00000000        0x0 Build/source/per_band_energy_fx.picsl.o
 .note.GNU-stack
                0x00000000        0x0 Build/source/quantize_spec_fx.picsl.o
 .note.GNU-stack
                0x00000000        0x0 Build/source/resamp12k8_fx.picsl.o
 .note.GNU-stack
                0x00000000        0x0 Build/source/residual_coding_fx.picsl.o
 .note.GNU-stack
                0x00000000        0x0 Build/source/sns_compute_scf_fx.picsl.o
 .note.GNU-stack
                0x00000000        0x0 Build/source/tns_coder_fx.picsl.o
 .note.GNU-stack
                0x00000000        0x0 Build/source/enc_lc3.picsl.o
 .note.GNU-stack
[...]
Memory Configuration

Name             Origin          Length          Used            Unused          Attributes
*default*        0x00000000      0xffffffff      
