
Discarded input sections

 .note.GNU-stack
                0x00000000        0x0 C:/usr/xtensa/XtDevTools/install/builds/RI-2021.8-win32/AB1568_i64B_d32B_512K/xtensa-elf/lib/xcc/crtbegin.o
 .note.GNU-stack
                0x00000000        0x0 Build/source/source/main_lib_dec.picsl.o
 .note.GNU-stack
                0x00000000        0x0 Build/source/source/uld_memory.picsl.o
 .note.GNU-stack
                0x00000000        0x0 Build/source/source/uld_com.picsl.o
 .note.GNU-stack
                0x00000000        0x0 Build/source/source/uld_dec.picsl.o
 .note.GNU-stack
                0x00000000        0x0 Build/source/source/quant.picsl.o
 .note.GNU-stack
                0x00000000        0x0 Build/source/source/lattice_filter.picsl.o
 .note.GNU-stack
                0x00000000        0x0 Build/source/source/pitch.picsl.o
 .note.GNU-stack
                0x00000000        0x0 Build/source/source/plc_lp_api.picsl.o
 .note.GNU-stack
                0x00000000        0x0 Build/source/source/plc_lp_func.picsl.o
 .note.GNU-stack
                0x00000000        0x0 Build/source/source/plc_lp_prcs_fx.picsl.o
 .note.GNU-stack
                0x00000000        0x0 C:/usr/xtensa/XtDevTools/install/builds/RI-2021.8-win32/AB1568_i64B_d32B_512K/xtensa-elf/lib/xcc/crtend.o

Linker script and memory map

LOAD C:/usr/xtensa/XtDevTools/install/builds/RI-2021.8-win32/AB1568_i64B_d32B_512K/xtensa-elf/lib/xcc/crti.o
LOAD C:/usr/xtensa/XtDevTools/install/builds/RI-2021.8-win32/AB1568_i64B_d32B_512K/xtensa-elf/lib/xcc/crtbegin.o
LOAD Build/source/source/main_lib_dec.picsl.o
LOAD Build/source/source/uld_memory.picsl.o
LOAD Build/source/source/uld_com.picsl.o
LOAD Build/source/source/uld_dec.picsl.o
LOAD Build/source/source/quant.picsl.o
LOAD Build/source/source/lattice_filter.picsl.o
LOAD Build/source/source/pitch.picsl.o
LOAD Build/source/source/plc_lp_api.picsl.o
LOAD Build/source/source/plc_lp_func.picsl.o
LOAD Build/source/source/plc_lp_prcs_fx.picsl.o
LOAD C:/usr/xtensa/XtDevTools/install/builds/RI-2021.8-win32/AB1568_i64B_d32B_512K/xtensa-elf/lib/xcc/\libgcc.a
LOAD C:/usr/xtensa/XtDevTools/install/builds/RI-2021.8-win32/AB1568_i64B_d32B_512K/xtensa-elf/lib/xcc/\libgcc.a
LOAD C:/usr/xtensa/XtDevTools/install/builds/RI-2021.8-win32/AB1568_i64B_d32B_512K/xtensa-elf/lib/xcc/crtend.o
LOAD C:/usr/xtensa/XtDevTools/install/builds/RI-2021.8-win32/AB1568_i64B_d32B_512K/xtensa-elf/lib/xcc/crtn.o

.text           0x00000000     0x26c1
                0x00000000                _text_start = ABSOLUTE (.)
 *(.got.plt* .plt*)
 .got.plt       0x00000000        0x0 C:/usr/xtensa/XtDevTools/install/builds/RI-2021.8-win32/AB1568_i64B_d32B_512K/xtensa-elf/lib/xcc/crti.o
                0x00000000                _GLOBAL_OFFSET_TABLE_
 .init.literal  0x00000000        0x4 C:/usr/xtensa/XtDevTools/install/builds/RI-2021.8-win32/AB1568_i64B_d32B_512K/xtensa-elf/lib/xcc/crtbegin.o
 .init.literal  0x00000004        0x4 C:/usr/xtensa/XtDevTools/install/builds/RI-2021.8-win32/AB1568_i64B_d32B_512K/xtensa-elf/lib/xcc/crtend.o
 .literal       0x00000008       0x14 C:/usr/xtensa/XtDevTools/install/builds/RI-2021.8-win32/AB1568_i64B_d32B_512K/xtensa-elf/lib/xcc/crtbegin.o
                                         0x20 (size before relaxing)
 .literal       0x0000001c       0x30 Build/source/source/main_lib_dec.picsl.o
 .literal       0x0000004c       0x24 Build/source/source/uld_com.picsl.o
 .literal       0x00000070       0x20 Build/source/source/uld_dec.picsl.o
                                         0x60 (size before relaxing)
 .literal       0x00000090       0x24 Build/source/source/pitch.picsl.o
                                         0x28 (size before relaxing)
 .literal       0x000000b4       0x10 Build/source/source/plc_lp_api.picsl.o
                                         0x14 (size before relaxing)
 .literal       0x000000c4       0x14 Build/source/source/plc_lp_func.picsl.o
                                         0x20 (size before relaxing)
 .literal       0x000000d8       0x18 Build/source/source/plc_lp_prcs_fx.picsl.o
                                         0x3c (size before relaxing)
 .literal       0x000000f0        0x4 C:/usr/xtensa/XtDevTools/install/builds/RI-2021.8-win32/AB1568_i64B_d32B_512K/xtensa-elf/lib/xcc/crtend.o
 .fini.literal  0x000000f4        0x4 C:/usr/xtensa/XtDevTools/install/builds/RI-2021.8-win32/AB1568_i64B_d32B_512K/xtensa-elf/lib/xcc/crtbegin.o
 .plt           0x000000f8        0x0 C:/usr/xtensa/XtDevTools/install/builds/RI-2021.8-win32/AB1568_i64B_d32B_512K/xtensa-elf/lib/xcc/crti.o
 *(.init.literal)
 *(.init)
 .init          0x000000f8        0x3 C:/usr/xtensa/XtDevTools/install/builds/RI-2021.8-win32/AB1568_i64B_d32B_512K/xtensa-elf/lib/xcc/crti.o
                0x000000f8                _init
 .init          0x000000fb        0x8 C:/usr/xtensa/XtDevTools/install/builds/RI-2021.8-win32/AB1568_i64B_d32B_512K/xtensa-elf/lib/xcc/crtbegin.o
 .init          0x00000103        0x8 C:/usr/xtensa/XtDevTools/install/builds/RI-2021.8-win32/AB1568_i64B_d32B_512K/xtensa-elf/lib/xcc/crtend.o
 .init          0x0000010b        0x2 C:/usr/xtensa/XtDevTools/install/builds/RI-2021.8-win32/AB1568_i64B_d32B_512K/xtensa-elf/lib/xcc/crtn.o
 *(.literal .text .stub .literal.* .text.* .gnu.linkonce.literal.* .gnu.linkonce.t.*.literal .gnu.linkonce.t.*)
 *fill*         0x0000010d        0x3 00000000
 .text          0x00000110       0x4a C:/usr/xtensa/XtDevTools/install/builds/RI-2021.8-win32/AB1568_i64B_d32B_512K/xtensa-elf/lib/xcc/crtbegin.o
 *fill*         0x0000015a        0x2 00000000
 .text          0x0000015c       0x49 Build/source/source/main_lib_dec.picsl.o
                0x0000015c                _start
 *fill*         0x000001a5        0x3 00000000
 .text          0x000001a8      0x11a Build/source/source/uld_com.picsl.o
                0x000001a8                ULD_Get_Version
                0x000001b0                ULD_Init
 *fill*         0x000002c2        0x6 00000000
 .text          0x000002c8      0x7d9 Build/source/source/uld_dec.picsl.o
                0x000002c8                ULD_Dec_Get_MemSize
                0x000002e0                ULD_Dec_Init
                0x00000374                ULD_Dec_Gain
                0x00000390                ULD_Dec_Prcs_
                0x00000910                ULD_Dec_Prcs
 *fill*         0x00000aa1        0x7 00000000
 .text          0x00000aa8      0x8d1 Build/source/source/pitch.picsl.o
                0x00000aa8                celt_fir5
                0x00000bc0                celt_maxabs32_xt
                0x00000bdc                pitch_downsample
                0x00000efc                celt_maxabs16_xt
                0x00000f2c                pitch_search
                0x0000128c                celt_plc_pitch_search
 *fill*         0x00001379        0x7 00000000
 .text          0x00001380      0x3b8 Build/source/source/plc_lp_api.picsl.o
                0x00001380                get_plc_memsize
                0x00001398                TPLC_Init
                0x00001468                TPLC_Prcs
 .text          0x00001738      0x5ca Build/source/source/plc_lp_func.picsl.o
                0x00001738                tplc_memcpy
                0x00001754                tplc_memset
                0x00001770                xt_memset
                0x00001794                celt_rcp
                0x00001834                frac_div32
                0x00001990                celt_pitch_xcorr
                0x00001a28                _celt_autocorr
                0x00001ba8                _celt_lpc
 *fill*         0x00001d02        0x6 00000000
 .text          0x00001d08      0x80c Build/source/source/plc_lp_prcs_fx.picsl.o
                0x00001d08                tplc_buf_update_fx
                0x00001d64                tplc_autocorr32b_fx
                0x00001dd0                tplc_autocorr_fx
                0x00001e1c                tplc_process_fx
 .text          0x00002514       0x1e C:/usr/xtensa/XtDevTools/install/builds/RI-2021.8-win32/AB1568_i64B_d32B_512K/xtensa-elf/lib/xcc/crtend.o
 .text          0x00002532        0x0 C:/usr/xtensa/XtDevTools/install/builds/RI-2021.8-win32/AB1568_i64B_d32B_512K/xtensa-elf/lib/xcc/crti.o
 *fill*         0x00002532        0x0 00000000
 *fill*         0x00002532        0x0 00000000
 *fill*         0x00002532        0x2 00000000
 .literal       0x00002534        0x0 Build/source/source/uld_memory.picsl.o
 *fill*         0x00002534        0x4 00000000
 .text          0x00002538       0xcc Build/source/source/uld_memory.picsl.o
                0x00002538                memset
                0x00002578                memcpy
 *fill*         0x00002604        0x0 00000000
 *fill*         0x00002604        0x0 00000000
 *fill*         0x00002604        0x0 00000000
 .literal       0x00002604        0x0 Build/source/source/quant.picsl.o
 *fill*         0x00002604        0x4 00000000
 .text          0x00002608       0xab Build/source/source/quant.picsl.o
                0x00002608                pack_bs
                0x00002650                pack_flush
                0x00002668                unpack_bs
 .text          0x000026b3        0x0 Build/source/source/lattice_filter.picsl.o
 *fill*         0x000026b3        0x0 00000000
 *fill*         0x000026b3        0x0 00000000
 *fill*         0x000026b3        0x0 00000000
 *fill*         0x000026b3        0x0 00000000
 .text          0x000026b3        0x0 C:/usr/xtensa/XtDevTools/install/builds/RI-2021.8-win32/AB1568_i64B_d32B_512K/xtensa-elf/lib/xcc/crtn.o
 *(.clib.literal .clib.text)
 *(.text.*personality*)
 *(.gnu.warning)
 *(.fini.literal)
 *fill*         0x000026b3        0x0 00000000
 *(.fini)
 *fill*         0x000026b3        0x1 00000000
 .fini          0x000026b4        0x3 C:/usr/xtensa/XtDevTools/install/builds/RI-2021.8-win32/AB1568_i64B_d32B_512K/xtensa-elf/lib/xcc/crti.o
                0x000026b4                _fini
 .fini          0x000026b7        0x8 C:/usr/xtensa/XtDevTools/install/builds/RI-2021.8-win32/AB1568_i64B_d32B_512K/xtensa-elf/lib/xcc/crtbegin.o
 .fini          0x000026bf        0x2 C:/usr/xtensa/XtDevTools/install/builds/RI-2021.8-win32/AB1568_i64B_d32B_512K/xtensa-elf/lib/xcc/crtn.o
                [!provide]                        PROVIDE (__etext = .)
                [!provide]                        PROVIDE (_etext = .)
                [!provide]                        PROVIDE (etext = .)

.dynamic        0x000026c4       0xa8
                0x000026c4        0x4 LONG 0x70000002
                0x000026c8        0x4 LONG 0x0 _text_start
 *(.dynamic)
 .dynamic       0x000026cc       0xa0 C:/usr/xtensa/XtDevTools/install/builds/RI-2021.8-win32/AB1568_i64B_d32B_512K/xtensa-elf/lib/xcc/crti.o
                0x000026cc                _DYNAMIC

.hash           0x0000276c       0x10
 *(.hash)
 .hash          0x0000276c       0x10 C:/usr/xtensa/XtDevTools/install/builds/RI-2021.8-win32/AB1568_i64B_d32B_512K/xtensa-elf/lib/xcc/crti.o

.dynsym         0x0000277c       0x10
 *(.dynsym)
 .dynsym        0x0000277c       0x10 C:/usr/xtensa/XtDevTools/install/builds/RI-2021.8-win32/AB1568_i64B_d32B_512K/xtensa-elf/lib/xcc/crti.o

.dynstr         0x0000278c        0x1
 *(.dynstr)
 .dynstr        0x0000278c        0x1 C:/usr/xtensa/XtDevTools/install/builds/RI-2021.8-win32/AB1568_i64B_d32B_512K/xtensa-elf/lib/xcc/crti.o

.gnu.version    0x0000278e        0x0
 *(.gnu.version)
 .gnu.version   0x0000278e        0x0 C:/usr/xtensa/XtDevTools/install/builds/RI-2021.8-win32/AB1568_i64B_d32B_512K/xtensa-elf/lib/xcc/crti.o

.gnu.version_d  0x00002790        0x0
 *(.gnu.version_d)
 .gnu.version_d
                0x00002790        0x0 C:/usr/xtensa/XtDevTools/install/builds/RI-2021.8-win32/AB1568_i64B_d32B_512K/xtensa-elf/lib/xcc/crti.o

.gnu.version_r  0x00002790        0x0
 *(.gnu.version_r)
 .gnu.version_r
                0x00002790        0x0 C:/usr/xtensa/XtDevTools/install/builds/RI-2021.8-win32/AB1568_i64B_d32B_512K/xtensa-elf/lib/xcc/crti.o

.rel.init
 *(.rel.init)

.rela.init
 *(.rela.init)

.rel.text
 *(.rel.text .rel.text.* .rel.gnu.linkonce.t.*)

.rela.text
 *(.rela.text .rela.text.* .rela.gnu.linkonce.t.*)

.rel.fini
 *(.rel.fini)

.rela.fini
 *(.rela.fini)

.rel.rodata
 *(.rel.rodata .rel.rodata.* .rel.gnu.linkonce.r.*)

.rela.rodata
 *(.rela.rodata .rela.rodata.* .rela.gnu.linkonce.r.*)

.rel.data.rel.ro
 *(.rel.data.rel.ro*)

.rela.data.rel.ro
 *(.rel.data.rel.ro*)

.rel.data
 *(.rel.data .rel.data.* .rel.gnu.linkonce.d.*)

.rela.data
 *(.rela.data .rela.data.* .rela.gnu.linkonce.d.*)

.rel.tdata
 *(.rel.tdata .rel.tdata.* .rel.gnu.linkonce.td.*)

.rela.tdata
 *(.rela.tdata .rela.tdata.* .rela.gnu.linkonce.td.*)

.rel.tbss
 *(.rel.tbss .rel.tbss.* .rel.gnu.linkonce.tb.*)

.rela.tbss
 *(.rela.tbss .rela.tbss.* .rela.gnu.linkonce.tb.*)

.rel.ctors
 *(.rel.ctors)

.rela.ctors
 *(.rela.ctors)

.rel.dtors
 *(.rel.dtors)

.rela.dtors
 *(.rela.dtors)

.rel.got
 *(.rel.got)

.rela.got       0x00002790      0x288
 *(.rela.got)
 .rela.got      0x00002790      0x288 C:/usr/xtensa/XtDevTools/install/builds/RI-2021.8-win32/AB1568_i64B_d32B_512K/xtensa-elf/lib/xcc/crti.o

.rel.bss
 *(.rel.bss .rel.bss.* .rel.gnu.linkonce.b.*)

.rela.bss
 *(.rela.bss .rela.bss.* .rela.gnu.linkonce.b.*)

.rel.plt
 *(.rel.plt)

.rela.plt       0x00002a18        0x0
 *(.rela.plt)
 .rela.plt      0x00002a18        0x0 C:/usr/xtensa/XtDevTools/install/builds/RI-2021.8-win32/AB1568_i64B_d32B_512K/xtensa-elf/lib/xcc/crti.o

.got            0x00002a18        0x4
 *(.got)
 .got           0x00002a18        0x4 C:/usr/xtensa/XtDevTools/install/builds/RI-2021.8-win32/AB1568_i64B_d32B_512K/xtensa-elf/lib/xcc/crti.o

.got.loc        0x00002a1c       0x60
 *(.got.loc)
 .got.loc       0x00002a1c       0x60 C:/usr/xtensa/XtDevTools/install/builds/RI-2021.8-win32/AB1568_i64B_d32B_512K/xtensa-elf/lib/xcc/crti.o

.clib.rodata
 *(.clib.rodata)

.rtos.rodata
 *(.rtos.rodata)

.clib.data
 *(.clib.data)

.rtos.data
 *(.rtos.data)

.clib.percpu.data
 *(.clib.percpu.data)

.rtos.percpu.data
 *(.rtos.percpu.data)

.rodata
 *(.rodata .rodata.* .gnu.linkonce.r.*)

.interp         0x00002a7c        0xb
 .interp        0x00002a7c        0xb C:/usr/xtensa/XtDevTools/install/builds/RI-2021.8-win32/AB1568_i64B_d32B_512K/xtensa-elf/lib/xcc/crti.o

.rodata1
 *(.rodata1)

.xt_except_table
 *(.xt_except_table)

.eh_frame       0x00002a88        0x4
 *(.eh_frame)
 .eh_frame      0x00002a88        0x0 C:/usr/xtensa/XtDevTools/install/builds/RI-2021.8-win32/AB1568_i64B_d32B_512K/xtensa-elf/lib/xcc/crtbegin.o
 .eh_frame      0x00002a88        0x4 C:/usr/xtensa/XtDevTools/install/builds/RI-2021.8-win32/AB1568_i64B_d32B_512K/xtensa-elf/lib/xcc/crtend.o

.gcc_except_table
 *(.gcc_except_table)
 *(.gcc_except_table.*)

.eh_frame
 *(.eh_frame)

.gcc_except_table
 *(.gcc_except_table)
 *(.gcc_except_table.*)

.tdata
 *(.tdata .tdata.* .gnu.linkonce.td.*)

.tbss
 *(.tbss .tbss.* .gnu.linkonce.tb.*)
 *(.tcommon)
                0x00002a8c                . = ALIGN (0x4)
                [!provide]                        PROVIDE (__preinit_array_start = .)

.preinit_array
 *(.preinit_array)
                [!provide]                        PROVIDE (__preinit_array_end = .)
                [!provide]                        PROVIDE (__init_array_start = .)

.init_array
 *(.init_array)
                [!provide]                        PROVIDE (__init_array_end = .)
                [!provide]                        PROVIDE (__fini_array_start = .)

.fini_array
 *(.fini_array)
                [!provide]                        PROVIDE (__fini_array_end = .)

.ctors          0x00002a8c        0x8
 *crtbegin*.o(.ctors)
 .ctors         0x00002a8c        0x4 C:/usr/xtensa/XtDevTools/install/builds/RI-2021.8-win32/AB1568_i64B_d32B_512K/xtensa-elf/lib/xcc/crtbegin.o
 *(EXCLUDE_FILE(*crtend*.o) .ctors)
 *(SORT_BY_NAME(.ctors.*))
 *(.ctors)
 .ctors         0x00002a90        0x4 C:/usr/xtensa/XtDevTools/install/builds/RI-2021.8-win32/AB1568_i64B_d32B_512K/xtensa-elf/lib/xcc/crtend.o

.dtors          0x00002a94        0x8
 *crtbegin*.o(.dtors)
 .dtors         0x00002a94        0x4 C:/usr/xtensa/XtDevTools/install/builds/RI-2021.8-win32/AB1568_i64B_d32B_512K/xtensa-elf/lib/xcc/crtbegin.o
 *(EXCLUDE_FILE(*crtend*.o) .dtors)
 *(SORT_BY_NAME(.dtors.*))
 *(.dtors)
 .dtors         0x00002a98        0x4 C:/usr/xtensa/XtDevTools/install/builds/RI-2021.8-win32/AB1568_i64B_d32B_512K/xtensa-elf/lib/xcc/crtend.o

.jcr
 *(.jcr)

.data.rel.ro
 *(.data.rel.ro.local)
 *(.data.rel.ro*)

.data           0x00002aa0      0x1f6
 *(.data .data.* .gnu.linkonce.d.*)
 .data          0x00002aa0        0x0 C:/usr/xtensa/XtDevTools/install/builds/RI-2021.8-win32/AB1568_i64B_d32B_512K/xtensa-elf/lib/xcc/crti.o
 .data          0x00002aa0       0x24 C:/usr/xtensa/XtDevTools/install/builds/RI-2021.8-win32/AB1568_i64B_d32B_512K/xtensa-elf/lib/xcc/crtbegin.o
                0x00002aa0                __dso_handle
 *fill*         0x00002ac4        0xc 
 .data          0x00002ad0       0x7d Build/source/source/main_lib_dec.picsl.o
                0x00002ad0                export_parameter_array
 .data          0x00002b4d        0x0 Build/source/source/uld_memory.picsl.o
 .data          0x00002b4d        0x0 Build/source/source/uld_com.picsl.o
 .data          0x00002b4d        0x0 Build/source/source/uld_dec.picsl.o
 *fill*         0x00002b4d        0x3 
 .data          0x00002b50       0xdc Build/source/source/quant.picsl.o
                0x00002b50                T_BS_152kbps
                0x00002bb0                T_BS_200kbps
                0x00002c10                quant_sam_4b
                0x00002c20                quant_sam_3b
                0x00002c28                quant_sam_2b
 .data          0x00002c2c        0x0 Build/source/source/lattice_filter.picsl.o
 .data          0x00002c2c        0x0 Build/source/source/pitch.picsl.o
 .data          0x00002c2c        0x0 Build/source/source/plc_lp_api.picsl.o
 .data          0x00002c2c        0x0 Build/source/source/plc_lp_func.picsl.o
 *fill*         0x00002c2c        0x4 
 .data          0x00002c30       0x66 Build/source/source/plc_lp_prcs_fx.picsl.o
                0x00002c30                T_PLC_gain
 .data          0x00002c96        0x0 C:/usr/xtensa/XtDevTools/install/builds/RI-2021.8-win32/AB1568_i64B_d32B_512K/xtensa-elf/lib/xcc/crtend.o
 .data          0x00002c96        0x0 C:/usr/xtensa/XtDevTools/install/builds/RI-2021.8-win32/AB1568_i64B_d32B_512K/xtensa-elf/lib/xcc/crtn.o
 *(.gnu.linkonce.d.*personality*)

.data1
 *(.data1)

.xt_except_desc
 *(.xt_except_desc .gnu.linkonce.h.*)
 *(.xt_except_desc_end)
                0x00002c96                _edata = .
                [!provide]                        PROVIDE (edata = .)
                0x00002c96                __bss_start = .

.bss            0x00002c98        0x8
 *(.dynbss)
 *(.bss .bss.* .gnu.linkonce.b.*)
 .bss           0x00002c98        0x0 C:/usr/xtensa/XtDevTools/install/builds/RI-2021.8-win32/AB1568_i64B_d32B_512K/xtensa-elf/lib/xcc/crti.o
 .bss           0x00002c98        0x0 C:/usr/xtensa/XtDevTools/install/builds/RI-2021.8-win32/AB1568_i64B_d32B_512K/xtensa-elf/lib/xcc/crtbegin.o
 .bss           0x00002c98        0x4 Build/source/source/main_lib_dec.picsl.o
                0x00002c98                printf_ptr
 .bss           0x00002c9c        0x0 Build/source/source/uld_memory.picsl.o
 .bss           0x00002c9c        0x0 Build/source/source/uld_com.picsl.o
 .bss           0x00002c9c        0x0 Build/source/source/uld_dec.picsl.o
 .bss           0x00002c9c        0x0 Build/source/source/quant.picsl.o
 .bss           0x00002c9c        0x4 Build/source/source/lattice_filter.picsl.o
                0x00002c9c                gg
 .bss           0x00002ca0        0x0 Build/source/source/pitch.picsl.o
 .bss           0x00002ca0        0x0 Build/source/source/plc_lp_api.picsl.o
 .bss           0x00002ca0        0x0 Build/source/source/plc_lp_func.picsl.o
 .bss           0x00002ca0        0x0 Build/source/source/plc_lp_prcs_fx.picsl.o
 .bss           0x00002ca0        0x0 C:/usr/xtensa/XtDevTools/install/builds/RI-2021.8-win32/AB1568_i64B_d32B_512K/xtensa-elf/lib/xcc/crtend.o
 .bss           0x00002ca0        0x0 C:/usr/xtensa/XtDevTools/install/builds/RI-2021.8-win32/AB1568_i64B_d32B_512K/xtensa-elf/lib/xcc/crtn.o
 *(.clib.bss)
 *(.clib.percpu.bss)
 *(.rtos.bss)
 *(.rtos.percpu.bss)
 *(COMMON)
                0x00002ca0                . = ALIGN (0x4)
                0x00002ca0                . = ALIGN (0x4)
                0x00002ca0                _end = .
                [!provide]                        PROVIDE (end = .)

.stab
 *(.stab)

.stabstr
 *(.stabstr)

.stab.excl
 *(.stab.excl)

.stab.exclstr
 *(.stab.exclstr)

.stab.index
 *(.stab.index)

.stab.indexstr
 *(.stab.indexstr)

.comment        0x00000000       0x5f
 *(.comment)
 .comment       0x00000000       0x28 C:/usr/xtensa/XtDevTools/install/builds/RI-2021.8-win32/AB1568_i64B_d32B_512K/xtensa-elf/lib/xcc/crtbegin.o
                                         0x29 (size before relaxing)
 .comment       0x00000028       0x37 Build/source/source/main_lib_dec.picsl.o
                                         0x38 (size before relaxing)
 .comment       0x0000005f       0x38 Build/source/source/uld_memory.picsl.o
 .comment       0x0000005f       0x38 Build/source/source/uld_com.picsl.o
 .comment       0x0000005f       0x38 Build/source/source/uld_dec.picsl.o
 .comment       0x0000005f       0x38 Build/source/source/quant.picsl.o
 .comment       0x0000005f       0x38 Build/source/source/lattice_filter.picsl.o
 .comment       0x0000005f       0x38 Build/source/source/pitch.picsl.o
 .comment       0x0000005f       0x38 Build/source/source/plc_lp_api.picsl.o
 .comment       0x0000005f       0x38 Build/source/source/plc_lp_func.picsl.o
 .comment       0x0000005f       0x38 Build/source/source/plc_lp_prcs_fx.picsl.o
 .comment       0x0000005f       0x29 C:/usr/xtensa/XtDevTools/install/builds/RI-2021.8-win32/AB1568_i64B_d32B_512K/xtensa-elf/lib/xcc/crtend.o

.xtensa.info    0x00000000      0x1f0
 .xtensa.info   0x00000000      0x1f0 C:/usr/xtensa/XtDevTools/install/builds/RI-2021.8-win32/AB1568_i64B_d32B_512K/xtensa-elf/lib/xcc/crti.o
 .xtensa.info   0x000001f0        0x0 C:/usr/xtensa/XtDevTools/install/builds/RI-2021.8-win32/AB1568_i64B_d32B_512K/xtensa-elf/lib/xcc/crtbegin.o
 .xtensa.info   0x000001f0        0x0 Build/source/source/main_lib_dec.picsl.o
 .xtensa.info   0x000001f0        0x0 Build/source/source/uld_memory.picsl.o
 .xtensa.info   0x000001f0        0x0 Build/source/source/uld_com.picsl.o
 .xtensa.info   0x000001f0        0x0 Build/source/source/uld_dec.picsl.o
 .xtensa.info   0x000001f0        0x0 Build/source/source/quant.picsl.o
 .xtensa.info   0x000001f0        0x0 Build/source/source/lattice_filter.picsl.o
 .xtensa.info   0x000001f0        0x0 Build/source/source/pitch.picsl.o
 .xtensa.info   0x000001f0        0x0 Build/source/source/plc_lp_api.picsl.o
 .xtensa.info   0x000001f0        0x0 Build/source/source/plc_lp_func.picsl.o
 .xtensa.info   0x000001f0        0x0 Build/source/source/plc_lp_prcs_fx.picsl.o
 .xtensa.info   0x000001f0        0x0 C:/usr/xtensa/XtDevTools/install/builds/RI-2021.8-win32/AB1568_i64B_d32B_512K/xtensa-elf/lib/xcc/crtend.o
 .xtensa.info   0x000001f0        0x0 C:/usr/xtensa/XtDevTools/install/builds/RI-2021.8-win32/AB1568_i64B_d32B_512K/xtensa-elf/lib/xcc/crtn.o

.debug
 *(.debug)

.line
 *(.line)

.debug_srcinfo
 *(.debug_srcinfo)

.debug_sfnames
 *(.debug_sfnames)

.debug_aranges
 *(.debug_aranges)

.debug_pubnames
 *(.debug_pubnames)

.debug_info     0x00000000     0x3cf1
 *(.debug_info .gnu.linkonce.wi.*)
 .debug_info    0x00000000       0xde Build/source/source/main_lib_dec.picsl.o
 .debug_info    0x000000de      0x109 Build/source/source/uld_memory.picsl.o
 .debug_info    0x000001e7      0x3ff Build/source/source/uld_com.picsl.o
 .debug_info    0x000005e6      0xec2 Build/source/source/uld_dec.picsl.o
 .debug_info    0x000014a8      0x1c5 Build/source/source/quant.picsl.o
 .debug_info    0x0000166d       0x37 Build/source/source/lattice_filter.picsl.o
 .debug_info    0x000016a4      0xcfe Build/source/source/pitch.picsl.o
 .debug_info    0x000023a2      0x4b1 Build/source/source/plc_lp_api.picsl.o
 .debug_info    0x00002853      0x801 Build/source/source/plc_lp_func.picsl.o
 .debug_info    0x00003054      0xc9d Build/source/source/plc_lp_prcs_fx.picsl.o

.debug_abbrev   0x00000000      0xd31
 *(.debug_abbrev)
 .debug_abbrev  0x00000000       0xb5 Build/source/source/main_lib_dec.picsl.o
 .debug_abbrev  0x000000b5       0x93 Build/source/source/uld_memory.picsl.o
 .debug_abbrev  0x00000148      0x11e Build/source/source/uld_com.picsl.o
 .debug_abbrev  0x00000266      0x23c Build/source/source/uld_dec.picsl.o
 .debug_abbrev  0x000004a2       0xb8 Build/source/source/quant.picsl.o
 .debug_abbrev  0x0000055a       0x2c Build/source/source/lattice_filter.picsl.o
 .debug_abbrev  0x00000586      0x244 Build/source/source/pitch.picsl.o
 .debug_abbrev  0x000007ca      0x1a3 Build/source/source/plc_lp_api.picsl.o
 .debug_abbrev  0x0000096d      0x1ae Build/source/source/plc_lp_func.picsl.o
 .debug_abbrev  0x00000b1b      0x216 Build/source/source/plc_lp_prcs_fx.picsl.o

.debug_line     0x00000000     0x3e14
 *(.debug_line)
 .debug_line    0x00000000       0xb9 Build/source/source/main_lib_dec.picsl.o
 .debug_line    0x000000b9      0x1f6 Build/source/source/uld_memory.picsl.o
 .debug_line    0x000002af      0x1c9 Build/source/source/uld_com.picsl.o
 .debug_line    0x00000478      0xddc Build/source/source/uld_dec.picsl.o
 .debug_line    0x00001254      0x172 Build/source/source/quant.picsl.o
 .debug_line    0x000013c6       0x44 Build/source/source/lattice_filter.picsl.o
 .debug_line    0x0000140a      0xea9 Build/source/source/pitch.picsl.o
 .debug_line    0x000022b3      0x503 Build/source/source/plc_lp_api.picsl.o
 .debug_line    0x000027b6      0x973 Build/source/source/plc_lp_func.picsl.o
 .debug_line    0x00003129      0xceb Build/source/source/plc_lp_prcs_fx.picsl.o

.debug_frame    0x00000000      0x370
 *(.debug_frame)
 .debug_frame   0x00000000       0x28 Build/source/source/main_lib_dec.picsl.o
 .debug_frame   0x00000028       0x3c Build/source/source/uld_memory.picsl.o
 .debug_frame   0x00000064       0x3c Build/source/source/uld_com.picsl.o
 .debug_frame   0x000000a0       0x78 Build/source/source/uld_dec.picsl.o
 .debug_frame   0x00000118       0x50 Build/source/source/quant.picsl.o
 .debug_frame   0x00000168       0xa0 Build/source/source/pitch.picsl.o
 .debug_frame   0x00000208       0x50 Build/source/source/plc_lp_api.picsl.o
 .debug_frame   0x00000258       0xb4 Build/source/source/plc_lp_func.picsl.o
 .debug_frame   0x0000030c       0x64 Build/source/source/plc_lp_prcs_fx.picsl.o

.debug_str      0x00000000      0xd88
 *(.debug_str)
 .debug_str     0x00000000       0xec Build/source/source/main_lib_dec.picsl.o
                                         0xf5 (size before relaxing)
 .debug_str     0x000000ec       0x4c Build/source/source/uld_memory.picsl.o
                                         0xcc (size before relaxing)
 .debug_str     0x00000138      0x26b Build/source/source/uld_com.picsl.o
                                        0x306 (size before relaxing)
 .debug_str     0x000003a3      0x390 Build/source/source/uld_dec.picsl.o
                                        0x691 (size before relaxing)
 .debug_str     0x00000733       0x84 Build/source/source/quant.picsl.o
                                        0x11f (size before relaxing)
 .debug_str     0x000007b7       0x3a Build/source/source/lattice_filter.picsl.o
                                         0x91 (size before relaxing)
 .debug_str     0x000007f1      0x24e Build/source/source/pitch.picsl.o
                                        0x4ed (size before relaxing)
 .debug_str     0x00000a3f       0xab Build/source/source/plc_lp_api.picsl.o
                                        0x2b3 (size before relaxing)
 .debug_str     0x00000aea       0xf8 Build/source/source/plc_lp_func.picsl.o
                                        0x36e (size before relaxing)
 .debug_str     0x00000be2      0x1a6 Build/source/source/plc_lp_prcs_fx.picsl.o
                                        0x512 (size before relaxing)

.debug_loc      0x00000000     0x2dda
 *(.debug_loc)
 .debug_loc     0x00000000       0x13 Build/source/source/main_lib_dec.picsl.o
 .debug_loc     0x00000013       0xd3 Build/source/source/uld_memory.picsl.o
 .debug_loc     0x000000e6      0x190 Build/source/source/uld_com.picsl.o
 .debug_loc     0x00000276      0xa19 Build/source/source/uld_dec.picsl.o
 .debug_loc     0x00000c8f       0xcc Build/source/source/quant.picsl.o
 .debug_loc     0x00000d5b      0xc88 Build/source/source/pitch.picsl.o
 .debug_loc     0x000019e3      0x310 Build/source/source/plc_lp_api.picsl.o
 .debug_loc     0x00001cf3      0x7ae Build/source/source/plc_lp_func.picsl.o
 .debug_loc     0x000024a1      0x939 Build/source/source/plc_lp_prcs_fx.picsl.o

.debug_macinfo
 *(.debug_macinfo)

.debug_weaknames
 *(.debug_weaknames)

.debug_funcnames
 *(.debug_funcnames)

.debug_typenames
 *(.debug_typenames)

.debug_varnames
 *(.debug_varnames)

.xt.lit         0x00000000       0x60
 *(.xt.lit .xt.lit.* .gnu.linkonce.p.*)
 .xt.lit.plt    0x00000000        0x0 C:/usr/xtensa/XtDevTools/install/builds/RI-2021.8-win32/AB1568_i64B_d32B_512K/xtensa-elf/lib/xcc/crti.o
 .xt.lit        0x00000000       0x18 C:/usr/xtensa/XtDevTools/install/builds/RI-2021.8-win32/AB1568_i64B_d32B_512K/xtensa-elf/lib/xcc/crtbegin.o
 .xt.lit        0x00000018        0x8 Build/source/source/main_lib_dec.picsl.o
 .xt.lit        0x00000020        0x8 Build/source/source/uld_com.picsl.o
 .xt.lit        0x00000028        0x8 Build/source/source/uld_dec.picsl.o
 .xt.lit        0x00000030        0x8 Build/source/source/pitch.picsl.o
 .xt.lit        0x00000038        0x8 Build/source/source/plc_lp_api.picsl.o
 .xt.lit        0x00000040        0x8 Build/source/source/plc_lp_func.picsl.o
 .xt.lit        0x00000048        0x8 Build/source/source/plc_lp_prcs_fx.picsl.o
 .xt.lit        0x00000050       0x10 C:/usr/xtensa/XtDevTools/install/builds/RI-2021.8-win32/AB1568_i64B_d32B_512K/xtensa-elf/lib/xcc/crtend.o

.xt.insn
 *(.xt.insn .gnu.linkonce.x.*)

.xt.prop        0x00000000      0xfa8
 *(.xt.prop .gnu.linkonce.prop.*)
 .xt.prop       0x00000000       0x30 C:/usr/xtensa/XtDevTools/install/builds/RI-2021.8-win32/AB1568_i64B_d32B_512K/xtensa-elf/lib/xcc/crti.o
 .xt.prop       0x00000030       0xd8 C:/usr/xtensa/XtDevTools/install/builds/RI-2021.8-win32/AB1568_i64B_d32B_512K/xtensa-elf/lib/xcc/crtbegin.o
 .xt.prop       0x00000108       0x30 Build/source/source/main_lib_dec.picsl.o
 .xt.prop       0x00000138       0x90 Build/source/source/uld_memory.picsl.o
                                         0x9c (size before relaxing)
 .xt.prop       0x000001c8       0x90 Build/source/source/uld_com.picsl.o
 .xt.prop       0x00000258      0x288 Build/source/source/uld_dec.picsl.o
 .xt.prop       0x000004e0       0xcc Build/source/source/quant.picsl.o
                                         0xe4 (size before relaxing)
 .xt.prop       0x000005ac      0x2e8 Build/source/source/pitch.picsl.o
 .xt.prop       0x00000894      0x144 Build/source/source/plc_lp_api.picsl.o
 .xt.prop       0x000009d8      0x2a0 Build/source/source/plc_lp_func.picsl.o
 .xt.prop       0x00000c78      0x2a0 Build/source/source/plc_lp_prcs_fx.picsl.o
 .xt.prop       0x00000f18       0x60 C:/usr/xtensa/XtDevTools/install/builds/RI-2021.8-win32/AB1568_i64B_d32B_512K/xtensa-elf/lib/xcc/crtend.o
 .xt.prop       0x00000f78       0x30 C:/usr/xtensa/XtDevTools/install/builds/RI-2021.8-win32/AB1568_i64B_d32B_512K/xtensa-elf/lib/xcc/crtn.o

/DISCARD/
 *(.note.GNU-stack)
OUTPUT(Build/uld_dec_lib/pisplit_uld_dec_position_independent.splitload.lib elf32-xtensa-le)

.debug_ranges   0x00000000      0x4f0
 .debug_ranges  0x00000000      0x188 Build/source/source/uld_dec.picsl.o
 .debug_ranges  0x00000188       0x68 Build/source/source/pitch.picsl.o
 .debug_ranges  0x000001f0       0x48 Build/source/source/plc_lp_api.picsl.o
 .debug_ranges  0x00000238       0xd0 Build/source/source/plc_lp_func.picsl.o
 .debug_ranges  0x00000308      0x1e8 Build/source/source/plc_lp_prcs_fx.picsl.o

Memory Configuration

Name             Origin          Length          Used            Unused          Attributes
*default*        0x00000000      0xffffffff      
